// Jest Snapshot v1, https://goo.gl/fbAQLP

exports[`The appearance and functionality of the MenuCardComponent Matches the previous snapshot of the component 1`] = `
<div
  className="menuCardContainer"
>
  <div
    className="courseMenu"
  >
    <h3>
      Starters
    </h3>
    <div
      className="foodOptionBar"
      onClick={[Function]}
    >
      <p
        className="foodName"
      >
        Soup
      </p>
      <p
        className="foodPrice"
      >
        £3.00
      </p>
    </div>
    <div
      className="foodOptionBar"
      onClick={[Function]}
    >
      <p
        className="foodName"
      >
        Pâté
      </p>
      <p
        className="foodPrice"
      >
        £5.00
      </p>
    </div>
    <div
      className="foodOptionBar"
      onClick={[Function]}
    >
      <p
        className="foodName"
      >
        Bruschetta
      </p>
      <p
        className="foodPrice"
      >
        £4.50
      </p>
    </div>
    <div
      className="foodOptionBar"
      onClick={[Function]}
    >
      <p
        className="foodName"
      >
        Prawn cocktail
      </p>
      <p
        className="foodPrice"
      >
        £6.00
      </p>
    </div>
  </div>
  <div
    className="courseMenu"
  >
    <h3>
      Mains
    </h3>
    <div
      className="foodOptionBar"
      onClick={[Function]}
    >
      <p
        className="foodName"
      >
        Steak
      </p>
      <p
        className="foodPrice"
      >
        £18.00
      </p>
    </div>
    <div
      className="foodOptionBar"
      onClick={[Function]}
    >
      <p
        className="foodName"
      >
        Meatballs
      </p>
      <p
        className="foodPrice"
      >
        £11.50
      </p>
    </div>
    <div
      className="foodOptionBar"
      onClick={[Function]}
    >
      <p
        className="foodName"
      >
        Salmon fillet
      </p>
      <p
        className="foodPrice"
      >
        £14.00
      </p>
    </div>
    <div
      className="foodOptionBar"
      onClick={[Function]}
    >
      <p
        className="foodName"
      >
        Vegetarian lasagna
      </p>
      <p
        className="foodPrice"
      >
        £12.00
      </p>
    </div>
  </div>
  <div
    className="courseMenu"
  >
    <h3>
      Desserts
    </h3>
    <div
      className="foodOptionBar"
      onClick={[Function]}
    >
      <p
        className="foodName"
      >
        Sticky toffee
      </p>
      <p
        className="foodPrice"
      >
        £18.00
      </p>
    </div>
    <div
      className="foodOptionBar"
      onClick={[Function]}
    >
      <p
        className="foodName"
      >
        Tiramisu
      </p>
      <p
        className="foodPrice"
      >
        £4.50
      </p>
    </div>
    <div
      className="foodOptionBar"
      onClick={[Function]}
    >
      <p
        className="foodName"
      >
        Cheesecake
      </p>
      <p
        className="foodPrice"
      >
        £4.00
      </p>
    </div>
    <div
      className="foodOptionBar"
      onClick={[Function]}
    >
      <p
        className="foodName"
      >
        Ice cream
      </p>
      <p
        className="foodPrice"
      >
        £3.50
      </p>
    </div>
  </div>
</div>
`;
