// Jest Snapshot v1, https://goo.gl/fbAQLP

exports[`The appearance and functionality of the MenuCardComponent Matches the previous snapshot of the component 1`] = `
<div
  className="menuCardContainer"
>
  <div
    className="startersMenu"
  >
    <h3>
      Starters
    </h3>
    <div>
      <div
        className="foodOptionBar"
        onClick={[Function]}
      >
        <p
          className="starterName"
        >
          Soup
        </p>
        <p
          className="dessertPrice"
        >
          £3.00
        </p>
      </div>
      <div
        className="foodOptionBar"
        onClick={[Function]}
      >
        <p
          className="starterName"
        >
          Pâté
        </p>
        <p
          className="dessertPrice"
        >
          £5.00
        </p>
      </div>
      <div
        className="foodOptionBar"
        onClick={[Function]}
      >
        <p
          className="starterName"
        >
          Bruschetta
        </p>
        <p
          className="dessertPrice"
        >
          £4.50
        </p>
      </div>
      <div
        className="foodOptionBar"
        onClick={[Function]}
      >
        <p
          className="starterName"
        >
          Prawn cocktail
        </p>
        <p
          className="dessertPrice"
        >
          £6.00
        </p>
      </div>
    </div>
  </div>
  <div
    className="mainsMenu"
  >
    <h3>
      Mains
    </h3>
    <div>
      <div
        className="foodOptionBar"
        onClick={[Function]}
      >
        <p
          className="mainName"
        >
          Steak
        </p>
        <p
          className="dessertPrice"
        >
          £18.00
        </p>
      </div>
      <div
        className="foodOptionBar"
        onClick={[Function]}
      >
        <p
          className="mainName"
        >
          Meatballs
        </p>
        <p
          className="dessertPrice"
        >
          £11.50
        </p>
      </div>
      <div
        className="foodOptionBar"
        onClick={[Function]}
      >
        <p
          className="mainName"
        >
          Salmon fillet
        </p>
        <p
          className="dessertPrice"
        >
          £14.00
        </p>
      </div>
      <div
        className="foodOptionBar"
        onClick={[Function]}
      >
        <p
          className="mainName"
        >
          Vegetarian lasagna
        </p>
        <p
          className="dessertPrice"
        >
          £12.00
        </p>
      </div>
    </div>
  </div>
  <div
    className="dessertsMenu"
  >
    <h3>
      Desserts
    </h3>
    <div>
      <div
        className="foodOptionBar"
        onClick={[Function]}
      >
        <p
          className="dessertName"
        >
          Sticky toffee
        </p>
        <p
          className="dessertPrice"
        >
          £18.00
        </p>
      </div>
      <div
        className="foodOptionBar"
        onClick={[Function]}
      >
        <p
          className="dessertName"
        >
          Tiramisu
        </p>
        <p
          className="dessertPrice"
        >
          £4.50
        </p>
      </div>
      <div
        className="foodOptionBar"
        onClick={[Function]}
      >
        <p
          className="dessertName"
        >
          Cheesecake
        </p>
        <p
          className="dessertPrice"
        >
          £4.00
        </p>
      </div>
      <div
        className="foodOptionBar"
        onClick={[Function]}
      >
        <p
          className="dessertName"
        >
          Ice cream
        </p>
        <p
          className="dessertPrice"
        >
          £3.50
        </p>
      </div>
    </div>
  </div>
</div>
`;
